
> task-manager@0.1.0 build
> next build

node.exe : ΓÜá Warning: Next.js 
inferred your workspace root, but it 
may not be correct.
At line:1 char:1
+ & "D:\Node/node.exe" "D:\Node/node_m
odules/npm/bin/npm-cli.js" run bu ...
+ ~~~~~~~~~~~~~~~~~~~~~~~~~~~~~~~~~~~~
~~~~~~~~~~~~~~~~~~~~~~~~~~~~~~~~~
    + CategoryInfo          : NotSpec 
   ified: (ΓÜá Warning: Ne...not be   
  correct.:String) [], RemoteExcept   
 ion
    + FullyQualifiedErrorId : NativeC 
   ommandError
 
 We detected multiple lockfiles and 
selected the directory of 
C:\Users\Siddhartha\package-lock.json 
as the root directory.
 To silence this warning, set 
`turbopack.root` in your Next.js 
config, or consider removing one of 
the lockfiles if it's not needed.
   See https://nextjs.org/docs/app/api
-reference/config/next-config-js/turbo
pack#root-directory for more 
information.
 Detected additional lockfiles: 
   * C:\Users\Siddhartha\.gemini\antig
ravity\scratch\task-manager\package-lo
ck.json

Γû▓ Next.js 16.1.6 (Turbopack)
- Environments: .env
- Experiments (use with caution):
  ┬╖ serverActions

ΓÜá The "middleware" file convention 
is deprecated. Please use "proxy" 
instead. Learn more: https://nextjs.or
g/docs/messages/middleware-to-proxy
  Creating an optimized production build ...
Γ£ô Compiled successfully in 40s
  Running TypeScript ...
Failed to compile.

./app/actions/sync.ts:42:5
Type error: Type '{ organizationId?: 
string | undefined; id: string; 
email: string; role: any; department: 
any; }' is not assignable to type 
'(Without<UserCreateInput, 
UserUncheckedCreateInput> & 
UserUncheckedCreateInput) | 
(Without<...> & UserCreateInput)'.
  Type '{ organizationId?: string | 
undefined; id: string; email: string; 
role: any; department: any; }' is not 
assignable to type 
'Without<UserUncheckedCreateInput, 
UserCreateInput> & UserCreateInput'.
    Type '{ organizationId?: string | 
undefined; id: string; email: string; 
role: any; department: any; }' is not 
assignable to type 
'Without<UserUncheckedCreateInput, 
UserCreateInput>'.
      Types of property 
'organizationId' are incompatible.
        Type 'string | undefined' is 
not assignable to type 'undefined'.
          Type 'string' is not 
assignable to type 'undefined'.

[0m [90m 40 |[39m       
[33m...[39m(orgId [33m?[39m { 
organizationId[33m:[39m orgId } 
[33m:[39m {})
 [90m 41 |[39m     }[33m,[39m
[31m[1m>[22m[39m[90m 42 |[39m   
  create[33m:[39m {
 [90m    |[39m     
[31m[1m^[22m[39m
 [90m 43 |[39m       id[33m:[39m 
userId[33m,[39m
 [90m 44 |[39m       
email[33m:[39m userEmail[33m,[39m
 [90m 45 |[39m       
role[33m:[39m 
userRole[33m,[39m[0m
Next.js build worker exited with 
code: 1 and signal: null
