
> task-manager@0.1.0 build
> next build

node.exe : ΓÜá Warning: Next.js 
inferred your workspace root, but it 
may not be correct.
At line:1 char:1
+ & "D:\Node/node.exe" "D:\Node/node_m
odules/npm/bin/npm-cli.js" run bu ...
+ ~~~~~~~~~~~~~~~~~~~~~~~~~~~~~~~~~~~~
~~~~~~~~~~~~~~~~~~~~~~~~~~~~~~~~~
    + CategoryInfo          : NotSpec 
   ified: (ΓÜá Warning: Ne...not be   
  correct.:String) [], RemoteExcept   
 ion
    + FullyQualifiedErrorId : NativeC 
   ommandError
 
 We detected multiple lockfiles and 
selected the directory of 
C:\Users\Siddhartha\package-lock.json 
as the root directory.
 To silence this warning, set 
`turbopack.root` in your Next.js 
config, or consider removing one of 
the lockfiles if it's not needed.
   See https://nextjs.org/docs/app/api
-reference/config/next-config-js/turbo
pack#root-directory for more 
information.
 Detected additional lockfiles: 
   * C:\Users\Siddhartha\.gemini\antig
ravity\scratch\task-manager\package-lo
ck.json

Γû▓ Next.js 16.1.6 (Turbopack)
- Environments: .env
- Experiments (use with caution):
  ┬╖ serverActions

ΓÜá The "middleware" file convention 
is deprecated. Please use "proxy" 
instead. Learn more: https://nextjs.or
g/docs/messages/middleware-to-proxy
  Creating an optimized production build ...
Γ£ô Compiled successfully in 21.8s
  Running TypeScript ...
Failed to compile.

./components/dashboard/SalesLeadAction
s.tsx:51:34
Type error: Type '{ children: 
Element; asChild: true; }' is not 
assignable to type 
'IntrinsicAttributes & 
Props<unknown>'.
  Property 'asChild' does not exist 
on type 'IntrinsicAttributes & 
Props<unknown>'.

[0m [90m 49 |[39m     
[36mreturn[39m (
 [90m 50 |[39m         [33m<[39m[
33mDropdownMenu[39m[33m>[39m
[31m[1m>[22m[39m[90m 51 |[39m   
          [33m<[39m[33mDropdownMenu
Trigger[39m asChild[33m>[39m
 [90m    |[39m                      
            [31m[1m^[22m[39m
 [90m 52 |[39m                 
[33m<[39m[33mButton[39m 
variant[33m=[39m[32m"ghost"[39m 
size[33m=[39m[32m"icon"[39m 
className[33m=[39m[32m"rounded-xl 
hover:bg-white hover:shadow-md 
transition-all 
group/btn"[39m[33m>[39m
 [90m 53 |[39m                     
[33m<[39m[33mMoreHorizontal[39m 
size[33m=[39m{[35m18[39m} classNam
e[33m=[39m[32m"text-slate-400 
group-hover/btn:text-[#1C3384]"[39m 
[33m/[39m[33m>[39m
 [90m 54 |[39m                 [33m
<[39m[33m/[39m[33mButton[39m[33m
>[39m[0m
Next.js build worker exited with 
code: 1 and signal: null
